[
    {
        "$$type": "PHPXElement",
        "openingElement": [
            "L1:P0-1:<:60",
            "L1:P1-4:div:262:<T_STRING"
        ],
        "selfClosing": true,
        "attributes": [
            "L1:P4-5: :392:<T_WHITESPACE",
            {
                "$$type": "PHPXAttribute",
                "name": [
                    "L1:P5-9:data:262:<T_STRING",
                    "L1:P9-10:-:45",
                    "L1:P10-13:foo:262:<T_STRING"
                ],
                "assignment": "L1:P13-14:=:61",
                "value": {
                    "$$type": "Block",
                    "opening": "L1:P14-15:{:123",
                    "children": [
                        "L1:P15-20:$data:266:<T_VARIABLE"
                    ],
                    "closing": "L1:P20-21:}:125"
                }
            },
            "L1:P21-22: :392:<T_WHITESPACE"
        ],
        "closingElement": [
            "L1:P22-23:\/:47",
            "L1:P23-24:>:62"
        ]
    }
]