[
    {
        "$$type": "PHPXElement",
        "openingElement": [
            "L1:P0-1:<:60",
            "L1:P1-4:div:313:<T_STRING",
            "L1:P4-5:>:62"
        ],
        "selfClosing": false,
        "attributes": [],
        "children": [],
        "closingElement": [
            "L1:P5-6:<:60",
            "L1:P6-7:\/:47",
            "L1:P7-10:div:313:<T_STRING",
            "L1:P10-11:>:62"
        ]
    }
]