[
    {
        "$$type": "PHPXElement",
        "openingElement": [
            "L1:P0-1:<:60",
            "L1:P1-2:p:262:<T_STRING",
            "L1:P2-3:>:62"
        ],
        "selfClosing": false,
        "attributes": [],
        "children": [
            {
                "$$type": "TemplateLiteral",
                "opening": "L1:P4-5:`:96",
                "children": [
                    "L1:P5-23:Hello, my name is :268:<T_ENCAPSED_AND_WHITESPACE",
                    {
                        "$$type": "Block",
                        "opening": "L1:P23-24:{:396:<T_CURLY_OPEN",
                        "children": [
                            "L1:P24-29:$name:266:<T_VARIABLE",
                            "L1:P29-30: :392:<T_WHITESPACE",
                            "L1:P30-32:??:400:<T_COALESCE",
                            "L1:P32-33: :392:<T_WHITESPACE",
                            "L1:P33-52:'yet to be defined':269:<T_CONSTANT_ENCAPSED_STRING"
                        ],
                        "closing": "L1:P52-53:}:125"
                    },
                    "L1:P53-71:, and I come from :268:<T_ENCAPSED_AND_WHITESPACE",
                    {
                        "$$type": "Block",
                        "opening": "L1:P71-72:{:396:<T_CURLY_OPEN",
                        "children": [
                            "L1:P72-80:$country:266:<T_VARIABLE",
                            "L1:P80-81: :392:<T_WHITESPACE",
                            "L1:P81-83:??:400:<T_COALESCE",
                            "L1:P83-84: :392:<T_WHITESPACE",
                            "L1:P84-91:'Earth':269:<T_CONSTANT_ENCAPSED_STRING"
                        ],
                        "closing": "L1:P91-92:}:125"
                    },
                    "L1:P92-93:!:268:<T_ENCAPSED_AND_WHITESPACE"
                ],
                "closing": "L1:P93-94:`:96"
            }
        ],
        "closingElement": [
            "L1:P95-96:<:60",
            "L1:P96-97:\/:47",
            "L1:P97-98:p:262:<T_STRING",
            "L1:P98-99:>:62"
        ]
    }
]