html('html', ['lang'=>"en"], [
	html('head', null, [
		html('meta', ['charset'=>"UTF-8"]),
		html('meta', ['name'=>"viewport", 'content'=>"width=device-width, initial-scale=1.0"]),
		html('title', null, [($title ?? 'None'), ' by Attitude']),
		html('meta', ['name'=>"description", 'content'=>($description)]),
		html('link', ['rel'=>"stylesheet", 'href'=>($css)]),
	]),
	html('body', null, [
		html('header', null, [
			html('a', ['href'=>"/"], ['Home']),
			html('h1', null, [($title)]),
			html('ul', null, [($tagsHTML)]),
		]),
		html('main', null, [
			html('ul', null, [
				($items->map(fn($item) => (
					html('li', null, [($item)])
				))),
			]),
			($content),
		]),
		html('footer', null, [
			html('p', null, ['Â©', ($year), ' ', html('a', ['href'=>"https://threads.com/@martin_adamko"], ['@martin_adamko'])]),
		]),
	]),
])
