[
    {
        "$$type": "PHPXFragment",
        "openingElement": "L1:P0-2:<>:15932:<",
        "children": [
            {
                "$$type": "PHPXText",
                "tokens": [
                    "L1:P2-7:Hello:313:<T_STRING",
                    "L1:P7-8:,:44",
                    "L1:P8-9: :397:<T_WHITESPACE"
                ]
            },
            {
                "$$type": "PHPXExpressionContainer",
                "expression": {
                    "$$type": "Block",
                    "opening": "L1:P9-10:{:123",
                    "children": [
                        "L1:P10-15:$name:317:<T_VARIABLE",
                        "L1:P15-16: :397:<T_WHITESPACE",
                        "L1:P16-18:??:284:<T_COALESCE",
                        "L1:P18-19: :397:<T_WHITESPACE",
                        "L1:P19-26:ucfirst:313:<T_STRING",
                        {
                            "$$type": "Block",
                            "opening": "L1:P26-27:(:40",
                            "children": [
                                "L1:P27-30:...:404:<T_ELLIPSIS",
                                "L1:P30-35:$type:317:<T_VARIABLE"
                            ],
                            "closing": "L1:P35-36:):41"
                        }
                    ],
                    "closing": "L1:P36-37:}:125"
                }
            },
            {
                "$$type": "PHPXText",
                "tokens": [
                    "L1:P37-38:!:33"
                ]
            }
        ],
        "closingElement": [
            "L1:P38-39:<:60",
            "L1:P39-40:\/:47",
            "L1:P40-41:>:62"
        ]
    }
]